#function: (fn* (& items) items)
(1 2 3)
(1 2 3)
true
